// Jest Snapshot v1, https://goo.gl/fbAQLP

exports[`buildMessages should return a messages array when called with  1`] = `
Array [
  Object {
    "recipient": Object {
      "id": "2443315192379616",
    },
    "sender_action": "mark_seen",
  },
  Object {
    "recipient": Object {
      "id": "2443315192379616",
    },
    "sender_action": "typing_on",
  },
  Object {
    "message": Object {
      "attachment": Object {
        "payload": Object {
          "is_reusable": true,
          "url": "https://www.alizila.com/wp-content/uploads/2018/08/shutterstock_677646532-992x558.jpg",
        },
        "type": "image",
      },
    },
    "recipient": Object {
      "id": "2443315192379616",
    },
  },
  Object {
    "message": Object {
      "text": "Hi John, nice to meet you! My name is Verbotly and I am a friendly Messenger chatbot. Choose one of the below options to learn what I can do.",
    },
    "recipient": Object {
      "id": "2443315192379616",
    },
  },
  Object {
    "message": Object {
      "quick_replies": Array [
        Object {
          "content_type": "text",
          "payload": "WHAT_IS_A_CHAT_BOT",
          "title": "What is a chatbot?",
        },
        Object {
          "content_type": "text",
          "payload": "WHY_VERBOTLY",
          "title": "Why Verbotly?",
        },
        Object {
          "content_type": "text",
          "payload": "HOW_CHAT_BOT_CAN_HELP",
          "title": "Speak with a human.",
        },
      ],
      "text": "Choose one of the below options to learn what I can do for your business.",
    },
    "recipient": Object {
      "id": "2443315192379616",
    },
  },
  Object {
    "recipient": Object {
      "id": "2443315192379616",
    },
    "sender_action": "typing_off",
  },
]
`;
